// Jest Snapshot v1, https://goo.gl/fbAQLP

exports[`expect homepage to match working snapshot 1`] = `
<main>
  <div
    className="container-fluid p-5"
  >
    <h2
      className="fw-bold animate__animated animate__bounceInDown"
    >
      Welcome to Our page
    </h2>
    <p
      className="home-text pt-3 animate__animated animate__bounceInLeft"
    >
      Lorem ipsum dolor sit amet consectetur adipisicing elit. Explicabo dolorum reiciendis in distinctio architecto, natus laboriosam deleniti fugit! Ab quibusdam sapiente voluptas quaerat, libero sint et quas, voluptate repudiandae nobis eum vero. Similique, sapiente. Debitis nobis sint eius ut. Architecto inventore ex unde non, optio recusandae nobis itaque voluptates mollitia obcaecati, autem libero nesciunt veritatis velit? Non, harum consectetur doloribus adipisci dolor incidunt numquam voluptates! Numquam accusamus quia odio, neque unde quos repellendus eligendi amet ullam facilis saepe ut sint.
    </p>
    <p
      className="home-text pt-3 animate__animated animate__bounceInUp"
    >
      Lorem ipsum dolor sit amet consectetur, adipisicing elit. Ducimus quaerat magnam dolorum, asperiores sequi velit. Dolorem dolore porro, laudantium mollitia commodi, maiores voluptate dicta accusamus necessitatibus dolorum laborum iure repudiandae aperiam sint quisquam quo minima sit consectetur laboriosam nam? Dolorum obcaecati aliquid ex. Molestiae saepe dolore magni rem error id repudiandae eligendi dicta nesciunt neque assumenda, magnam, explicabo nisi maxime iste optio nemo maiores minus accusamus. Odio harum distinctio ad dolorem eaque aperiam adipisci modi voluptates provident rerum consequatur facilis, atque quaerat hic numquam repellendus tempora. Necessitatibus iure aspernatur qui.
    </p>
  </div>
</main>
`;
